\BOOKMARK [1][-]{section.1}{\376\377\000I\000n\000t\000r\000o\000d\000u\000c\000t\000i\000o\000n}{}% 1
\BOOKMARK [1][-]{section.2}{\376\377\000M\000e\000t\000h\000o\000d\000o\000l\000o\000g\000y}{}% 2
\BOOKMARK [2][-]{subsection.2.1}{\376\377\000A\000r\000c\000h\000i\000t\000e\000c\000t\000u\000r\000e\000\040\000O\000v\000e\000r\000v\000i\000e\000w}{section.2}% 3
\BOOKMARK [2][-]{subsection.2.2}{\376\377\000G\000e\000o\000m\000e\000t\000r\000i\000c\000\040\000G\000r\000a\000p\000h\000\040\000N\000e\000u\000r\000a\000l\000\040\000N\000e\000t\000w\000o\000r\000k}{section.2}% 4
\BOOKMARK [3][-]{subsubsection.2.2.1}{\376\377\000N\000o\000d\000e\000\040\000F\000e\000a\000t\000u\000r\000e\000s}{subsection.2.2}% 5
\BOOKMARK [3][-]{subsubsection.2.2.2}{\376\377\000E\000d\000g\000e\000\040\000F\000e\000a\000t\000u\000r\000e\000s}{subsection.2.2}% 6
\BOOKMARK [3][-]{subsubsection.2.2.3}{\376\377\000G\000e\000o\000m\000e\000t\000r\000i\000c\000\040\000M\000e\000s\000s\000a\000g\000e\000\040\000P\000a\000s\000s\000i\000n\000g}{subsection.2.2}% 7
\BOOKMARK [2][-]{subsection.2.3}{\376\377\000S\000e\000q\000u\000e\000n\000c\000e\000\040\000T\000r\000a\000n\000s\000f\000o\000r\000m\000e\000r}{section.2}% 8
\BOOKMARK [3][-]{subsubsection.2.3.1}{\376\377\000T\000o\000k\000e\000n\000\040\000E\000m\000b\000e\000d\000d\000i\000n\000g}{subsection.2.3}% 9
\BOOKMARK [3][-]{subsubsection.2.3.2}{\376\377\000M\000u\000l\000t\000i\000-\000H\000e\000a\000d\000\040\000S\000e\000l\000f\000-\000A\000t\000t\000e\000n\000t\000i\000o\000n}{subsection.2.3}% 10
\BOOKMARK [2][-]{subsection.2.4}{\376\377\000B\000i\000d\000i\000r\000e\000c\000t\000i\000o\000n\000a\000l\000\040\000D\000i\000f\000f\000u\000s\000i\000o\000n\000\040\000M\000e\000c\000h\000a\000n\000i\000s\000m}{section.2}% 11
\BOOKMARK [3][-]{subsubsection.2.4.1}{\376\377\000S\000t\000r\000u\000c\000t\000u\000r\000e\000-\000G\000u\000i\000d\000e\000d\000\040\000A\000t\000t\000e\000n\000t\000i\000o\000n\000\040\000D\000i\000f\000f\000u\000s\000i\000o\000n}{subsection.2.4}% 12
\BOOKMARK [3][-]{subsubsection.2.4.2}{\376\377\000A\000t\000t\000e\000n\000t\000i\000o\000n\000-\000M\000o\000d\000u\000l\000a\000t\000e\000d\000\040\000G\000r\000a\000p\000h\000\040\000D\000i\000f\000f\000u\000s\000i\000o\000n}{subsection.2.4}% 13
\BOOKMARK [3][-]{subsubsection.2.4.3}{\376\377\000J\000o\000i\000n\000t\000\040\000T\000r\000a\000i\000n\000i\000n\000g\000\040\000P\000r\000o\000c\000e\000d\000u\000r\000e}{subsection.2.4}% 14
\BOOKMARK [2][-]{subsection.2.5}{\376\377\000M\000u\000t\000a\000t\000i\000o\000n\000-\000S\000p\000e\000c\000i\000f\000i\000c\000\040\000A\000g\000g\000r\000e\000g\000a\000t\000i\000o\000n}{section.2}% 15
\BOOKMARK [2][-]{subsection.2.6}{\376\377\000P\000r\000e\000d\000i\000c\000t\000i\000o\000n\000\040\000H\000e\000a\000d}{section.2}% 16
\BOOKMARK [1][-]{section.3}{\376\377\000E\000x\000p\000e\000r\000i\000m\000e\000n\000t\000s}{}% 17
\BOOKMARK [1][-]{section.4}{\376\377\000R\000e\000s\000u\000l\000t\000s}{}% 18
\BOOKMARK [1][-]{section.5}{\376\377\000D\000i\000s\000c\000u\000s\000s\000i\000o\000n}{}% 19
\BOOKMARK [1][-]{section.6}{\376\377\000C\000o\000n\000c\000l\000u\000s\000i\000o\000n}{}% 20
\BOOKMARK [1][-]{section.7}{\376\377\000R\000e\000l\000a\000t\000e\000d\000\040\000W\000o\000r\000k}{}% 21
\BOOKMARK [2][-]{subsection.7.1}{\376\377\000M\000a\000c\000h\000i\000n\000e\000\040\000L\000e\000a\000r\000n\000i\000n\000g\000\040\000f\000o\000r\000\040\000D\000e\000l\000t\000a\000\040\000G\000\040\000P\000r\000e\000d\000i\000c\000t\000i\000o\000n}{section.7}% 22
\BOOKMARK [2][-]{subsection.7.2}{\376\377\000G\000r\000a\000p\000h\000\040\000N\000e\000u\000r\000a\000l\000\040\000N\000e\000t\000w\000o\000r\000k\000s\000\040\000f\000o\000r\000\040\000P\000r\000o\000t\000e\000i\000n\000s}{section.7}% 23
\BOOKMARK [2][-]{subsection.7.3}{\376\377\000T\000r\000a\000n\000s\000f\000o\000r\000m\000e\000r\000s\000\040\000a\000n\000d\000\040\000A\000t\000t\000e\000n\000t\000i\000o\000n\000\040\000M\000e\000c\000h\000a\000n\000i\000s\000m\000s}{section.7}% 24
\BOOKMARK [2][-]{subsection.7.4}{\376\377\000D\000i\000f\000f\000u\000s\000i\000o\000n\000\040\000o\000n\000\040\000G\000r\000a\000p\000h\000s\000\040\000a\000n\000d\000\040\000A\000t\000t\000e\000n\000t\000i\000o\000n}{section.7}% 25
\BOOKMARK [1][-]{appendix.A}{\376\377\000A\000p\000p\000e\000n\000d\000i\000x\000\040\000T\000i\000t\000l\000e}{}% 26
